Microsemi Libero Software
Version: 11.9.2.1
Release: v11.9 SP2

'IDE_DESIGNERVIEW_ROOTDIR' set to 'Z:\windows\lvr_fw\lvr_fw_sep2\designer'
Info: The design top_lvr_fw.adb was last modified by software version 11.9.2.1.
Opened an existing Libero design top_lvr_fw.adb.

The Execute Script command succeeded ( 00:00:22 )
***** Layout Variables *********************************************

Mode: TIMING_DRIVEN
Power-driven Layout: OFF
Incremental Placement: OFF
Incremental Route: OFF



Running I/O Bank Assigner.

I/O Bank Assigner completed successfully.
 

Planning global net placement...


Global net placement completed successfully.

                        o - o - o - o - o - o

Timing-driven Placer Started: Thu Sep 19 19:10:29 2019

Placer Finished: Thu Sep 19 19:10:47 2019
Total Placer CPU Time:     00:00:18

                        o - o - o - o - o - o


Timing-driven Router 
Design: top_lvr_fw                      Started: Thu Sep 19 19:12:49 2019

 
Iterative improvement...

Timing-driven Router completed successfully.

Design: top_lvr_fw                      
Finished: Thu Sep 19 19:13:06 2019
Total CPU Time:     00:00:15            Total Elapsed Time: 00:00:17
Total Memory Usage: 189.7 Mbytes
                        o - o - o - o - o - o

status 257
status 257
Loading the Timing data for the design.
Finished loading the Timing data.

The Layout command succeeded ( 00:02:44 )

 Netlist Reading Time = 0.0 seconds
Imported the file:
   Z:\windows\lvr_fw\lvr_fw_sep2\synthesis\top_lvr_fw.edn

The Import command succeeded ( 00:00:03 )
Design saved to file Z:\windows\lvr_fw\lvr_fw_sep2\designer\impl1\top_lvr_fw.adb.
Error: Cannot execute the specified report command in this design state.

The Report command failed ( 00:00:00 )
Error: Failure when executing Tcl script. [ Line 1 ]

The Execute Script command failed ( 00:00:00 )
Design closed.

