Target Part: A3PN250_VQFP100_STD
Report for cell top_lvr_fw.rtl
  Core Cell usage:
              cell count     area count*area
              AND2   187      1.0      187.0
               AO1   201      1.0      201.0
              AO13     6      1.0        6.0
              AO18    25      1.0       25.0
              AO1A    25      1.0       25.0
              AO1B     1      1.0        1.0
              AOI1     1      1.0        1.0
             AOI1B     7      1.0        7.0
               AX1     9      1.0        9.0
              AX1A     2      1.0        2.0
              AX1C     9      1.0        9.0
              AXO6     1      1.0        1.0
             AXOI7     1      1.0        1.0
            CLKINT     3      0.0        0.0
               GND    15      0.0        0.0
               INV     2      1.0        2.0
              MAJ3   547      1.0      547.0
               MX2   157      1.0      157.0
              MX2A    31      1.0       31.0
              MX2B    20      1.0       20.0
              MX2C    16      1.0       16.0
              NOR2   132      1.0      132.0
             NOR2A   126      1.0      126.0
             NOR2B   122      1.0      122.0
              NOR3    40      1.0       40.0
             NOR3A    25      1.0       25.0
             NOR3B    30      1.0       30.0
             NOR3C    83      1.0       83.0
               OA1     7      1.0        7.0
              OA1A    41      1.0       41.0
              OA1B     7      1.0        7.0
              OA1C     6      1.0        6.0
              OAI1     5      1.0        5.0
               OR2    24      1.0       24.0
              OR2A    18      1.0       18.0
              OR2B     6      1.0        6.0
               OR3   123      1.0      123.0
              OR3A     5      1.0        5.0
              OR3B     8      1.0        8.0
              OR3C     3      1.0        3.0
            PLLINT     2      0.0        0.0
               VCC    15      0.0        0.0
               XA1     4      1.0        4.0
              XA1A     5      1.0        5.0
              XA1B    11      1.0       11.0
              XA1C     6      1.0        6.0
              XAI1     1      1.0        1.0
             XAI1A     1      1.0        1.0
             XNOR3    30      1.0       30.0
               XO1     4      1.0        4.0
              XO1A     1      1.0        1.0
              XOR2   404      1.0      404.0
              XOR3    46      1.0       46.0


            DFN0C0    15      1.0       15.0
            DFN0C1   117      1.0      117.0
          DFN0P1C1    48      1.0       48.0
            DFN1C0   903      1.0      903.0
            DFN1C1    15      1.0       15.0
            DFN1P0   423      1.0      423.0
            DFN1P1     3      1.0        3.0
          DFN1P1C1    96      1.0       96.0
              DLN1    30      1.0       30.0
            DYNCCC     1      0.0        0.0
                   -----          ----------
             TOTAL  4258              4222.0


  IO Cell usage:
              cell count
             INBUF    26
            OUTBUF    35
                   -----
             TOTAL    61


Core Cells         : 4222 of 6144 (69%)
IO Cells           : 61

  RAM/ROM Usage Summary
Block Rams : 0 of 8 (0%)

